// Jest Snapshot v1, https://goo.gl/fbAQLP

exports[`LinkedList component test should render linked list component correctly 1`] = `ShallowWrapper {}`;
