// Jest Snapshot v1, https://goo.gl/fbAQLP

exports[`stack-queue component test 1`] = `ShallowWrapper {}`;
