// Jest Snapshot v1, https://goo.gl/fbAQLP

exports[`AccountController Component test should render AccountController Component 1`] = `ShallowWrapper {}`;
