// Jest Snapshot v1, https://goo.gl/fbAQLP

exports[`Account Component test should render Account Component 1`] = `ShallowWrapper {}`;
