// Jest Snapshot v1, https://goo.gl/fbAQLP

exports[`City Component testing should render city component correctly 1`] = `ShallowWrapper {}`;
