// Jest Snapshot v1, https://goo.gl/fbAQLP

exports[`tic-tac-toe component test 1`] = `ShallowWrapper {}`;
